============================================================
python.exe : Traceback (most recent call last):
At line:1 char:1
+ & "d:\IOTMODEL\MODEL\Delhi_AQI_Predictor\AQI_env\Scripts\python.exe"  ...
+ ~~~~~~~~~~~~~~~~~~~~~~~~~~~~~~~~~~~~~~~~~~~~~~~~~~~~~~~~~~~~~~~~~~~~~
    + CategoryInfo          : NotSpecified: (Traceback (most recent call last) 
   ::String) [], RemoteException
    + FullyQualifiedErrorId : NativeCommandError
 
  File "D:\IOTMODEL\MODEL\Delhi_AQI_Predictor\backend\test_prediction.py", 
line 19, in <module>
    print("\U0001f9ea Testing AQI Prediction Pipeline")
  File "C:\Program Files\Python310\lib\encodings\cp1252.py", line 19, in encode
    return codecs.charmap_encode(input,self.errors,encoding_table)[0]
UnicodeEncodeError: 'charmap' codec can't encode character '\U0001f9ea' in 
position 0: character maps to <undefined>
